WARNING (LEFPARS-2007): NAMESCASESENSITIVE statement is obsolete in version 5.6 and later.
The LEF parser will ignore this statement.
To avoid this warning in the future, remove this statement from the LEF file with version 5.6 or later. See file complete.5.8.lef at line 2.

WARNING (LEFPARS-2008): NOWIREEXTENSIONATPIN statement is obsolete in version 5.6 or later.
The NOWIREEXTENSIONATPIN statement will be ignored. See file complete.5.8.lef at line 4.

WARNING (LEFPARS-2009): USEMINSPACING PIN statement is obsolete in version 5.6 or later.
 The USEMINSPACING PIN statement will be ignored. See file complete.5.8.lef at line 8.

WARNING (LEFPARS-2068): DEFINES statement is obsolete in version 5.6 and later.
The LEF parser will ignore this statement.
To avoid this warning in the future, remove this statement from the LEF file with version 5.6 or later. See file complete.5.8.lef at line 12.

WARNING (LEFPARS-2068): DEFINES statement is obsolete in version 5.6 and later.
The LEF parser will ignore this statement.
To avoid this warning in the future, remove this statement from the LEF file with version 5.6 or later. See file complete.5.8.lef at line 13.

WARNING (LEFPARS-2011): SLOTWIREWIDTH statement is obsolete in version 5.7 or later.
The LEF parser will ignore this statement.
To avoid this warning in the future, remove this statement from the LEF file with version 5.7 or later. See file complete.5.8.lef at line 118.

WARNING (LEFPARS-2012): SLOTWIRELENGTH statement is obsolete in version 5.7 or later.
The LEF parser will ignore this statement.
To avoid this warning in the future, remove this statement from the LEF file with version 5.7 or later. See file complete.5.8.lef at line 119.

WARNING (LEFPARS-2013): SLOTWIDTH statement is obsolete in version 5.7 or later.
The LEF parser will ignore this statement.
To avoid this warning in the future, remove this statement from the LEF file with version 5.7 or later. See file complete.5.8.lef at line 120.

WARNING (LEFPARS-2014): SLOTLENGTH statement is obsolete in version 5.7 or later.
The LEF parser will ignore this statement.
To avoid this warning in the future, remove this statement from the LEF file with version 5.7 or later. See file complete.5.8.lef at line 121.

WARNING (LEFPARS-2015): MAXADJACENTSLOTSPACING statement is obsolete in version 5.7 or later.
The LEF parser will ignore this statement.
To avoid this warning in the future, remove this statement from the LEF file with version 5.7 or later. See file complete.5.8.lef at line 122.

WARNING (LEFPARS-2016): MAXCOAXIALSLOTSPACING statement is obsolete in version 5.7 or later.
The LEF parser will ignore this statement.
To avoid this warning in the future, remove this statement from the LEF file with version 5.7 or later. See file complete.5.8.lef at line 123.

WARNING (LEFPARS-2018): SPLITWIREWIDTH statement is obsolete in version 5.7 or later.
The LEF parser will ignore this statement.
To avoid this warning in the future, remove this statement from the LEF file with version 5.7 or later. See file complete.5.8.lef at line 124.

WARNING (LEFPARS-2079): CURRENTDEN statement is obsolete in version 5.2 and later.
The LEF parser will ignore this statement.
To avoid this warning in the future, remove this statement from the LEF file with version 5.2 or later. See file complete.5.8.lef at line 167.

WARNING (LEFPARS-2019): TOPOFSTACKONLY statement is obsolete in version 5.6 and later.
The LEF parser will ignore this statement.
To avoid this warning in the future, remove this statement from the LEF file with version 5.6 or later See file complete.5.8.lef at line 550.

WARNING (LEFPARS-2020): FOREIGN statement in VIA is obsolete in version 5.6 and later.
The LEF parser will ignore this statement.
To avoid this warning in the future, remove this statement from the LEF file with version 5.6 or later. See file complete.5.8.lef at line 551.

WARNING (LEFPARS-2022): DIRECTION statement in VIARULE is obsolete in version 5.6 and later.
The LEF parser will ignore this statement.
To avoid this warning in the future, remove this statement from the LEF file with version 5.6 or later. See file complete.5.8.lef at line 696.

WARNING (LEFPARS-2023): OVERHANG statement will be translated into similar ENCLOSURE rule See file complete.5.8.lef at line 698.

WARNING (LEFPARS-2024): METALOVERHANG statement is obsolete in version 5.6 and later.
The LEF parser will ignore this statement.
To avoid this warning in the future, remove this statement from the LEF file with version 5.6 or later. See file complete.5.8.lef at line 699.

WARNING (LEFPARS-2022): DIRECTION statement in VIARULE is obsolete in version 5.6 and later.
The LEF parser will ignore this statement.
To avoid this warning in the future, remove this statement from the LEF file with version 5.6 or later. See file complete.5.8.lef at line 701.

WARNING (LEFPARS-2023): OVERHANG statement will be translated into similar ENCLOSURE rule See file complete.5.8.lef at line 702.

WARNING (LEFPARS-2024): METALOVERHANG statement is obsolete in version 5.6 and later.
The LEF parser will ignore this statement.
To avoid this warning in the future, remove this statement from the LEF file with version 5.6 or later. See file complete.5.8.lef at line 703.

WARNING (LEFPARS-2022): DIRECTION statement in VIARULE is obsolete in version 5.6 and later.
The LEF parser will ignore this statement.
To avoid this warning in the future, remove this statement from the LEF file with version 5.6 or later. See file complete.5.8.lef at line 714.

WARNING (LEFPARS-2023): OVERHANG statement will be translated into similar ENCLOSURE rule See file complete.5.8.lef at line 715.

WARNING (LEFPARS-2024): METALOVERHANG statement is obsolete in version 5.6 and later.
The LEF parser will ignore this statement.
To avoid this warning in the future, remove this statement from the LEF file with version 5.6 or later. See file complete.5.8.lef at line 716.

WARNING (LEFPARS-2022): DIRECTION statement in VIARULE is obsolete in version 5.6 and later.
The LEF parser will ignore this statement.
To avoid this warning in the future, remove this statement from the LEF file with version 5.6 or later. See file complete.5.8.lef at line 719.

WARNING (LEFPARS-2023): OVERHANG statement will be translated into similar ENCLOSURE rule See file complete.5.8.lef at line 720.

WARNING (LEFPARS-2024): METALOVERHANG statement is obsolete in version 5.6 and later.
The LEF parser will ignore this statement.
To avoid this warning in the future, remove this statement from the LEF file with version 5.6 or later. See file complete.5.8.lef at line 721.

WARNING (LEFPARS-2021): turn-via is obsolete in version 5.6 and later.
The LEF parser will ignore this statement.
To avoid this warning in the future, remove this statement from the LEF file with version 5.6 or later. See file complete.5.8.lef at line 727.

WARNING (LEFPARS-2022): DIRECTION statement in VIARULE is obsolete in version 5.6 and later.
The LEF parser will ignore this statement.
To avoid this warning in the future, remove this statement from the LEF file with version 5.6 or later. See file complete.5.8.lef at line 731.

WARNING (LEFPARS-2023): OVERHANG statement will be translated into similar ENCLOSURE rule See file complete.5.8.lef at line 732.

WARNING (LEFPARS-2022): DIRECTION statement in VIARULE is obsolete in version 5.6 and later.
The LEF parser will ignore this statement.
To avoid this warning in the future, remove this statement from the LEF file with version 5.6 or later. See file complete.5.8.lef at line 735.

WARNING (LEFPARS-2023): OVERHANG statement will be translated into similar ENCLOSURE rule See file complete.5.8.lef at line 736.

WARNING (LEFPARS-2022): DIRECTION statement in VIARULE is obsolete in version 5.6 and later.
The LEF parser will ignore this statement.
To avoid this warning in the future, remove this statement from the LEF file with version 5.6 or later. See file complete.5.8.lef at line 746.

WARNING (LEFPARS-2022): DIRECTION statement in VIARULE is obsolete in version 5.6 and later.
The LEF parser will ignore this statement.
To avoid this warning in the future, remove this statement from the LEF file with version 5.6 or later. See file complete.5.8.lef at line 749.

WARNING (LEFPARS-2022): DIRECTION statement in VIARULE is obsolete in version 5.6 and later.
The LEF parser will ignore this statement.
To avoid this warning in the future, remove this statement from the LEF file with version 5.6 or later. See file complete.5.8.lef at line 795.

WARNING (LEFPARS-2022): DIRECTION statement in VIARULE is obsolete in version 5.6 and later.
The LEF parser will ignore this statement.
To avoid this warning in the future, remove this statement from the LEF file with version 5.6 or later. See file complete.5.8.lef at line 797.

WARNING (LEFPARS-2021): turn-via is obsolete in version 5.6 and later.
The LEF parser will ignore this statement.
To avoid this warning in the future, remove this statement from the LEF file with version 5.6 or later. See file complete.5.8.lef at line 798.

WARNING (LEFPARS-2022): DIRECTION statement in VIARULE is obsolete in version 5.6 and later.
The LEF parser will ignore this statement.
To avoid this warning in the future, remove this statement from the LEF file with version 5.6 or later. See file complete.5.8.lef at line 802.

WARNING (LEFPARS-2023): OVERHANG statement will be translated into similar ENCLOSURE rule See file complete.5.8.lef at line 803.

WARNING (LEFPARS-2024): METALOVERHANG statement is obsolete in version 5.6 and later.
The LEF parser will ignore this statement.
To avoid this warning in the future, remove this statement from the LEF file with version 5.6 or later. See file complete.5.8.lef at line 804.

WARNING (LEFPARS-2022): DIRECTION statement in VIARULE is obsolete in version 5.6 and later.
The LEF parser will ignore this statement.
To avoid this warning in the future, remove this statement from the LEF file with version 5.6 or later. See file complete.5.8.lef at line 809.

WARNING (LEFPARS-2023): OVERHANG statement will be translated into similar ENCLOSURE rule See file complete.5.8.lef at line 810.

WARNING (LEFPARS-2024): METALOVERHANG statement is obsolete in version 5.6 and later.
The LEF parser will ignore this statement.
To avoid this warning in the future, remove this statement from the LEF file with version 5.6 or later. See file complete.5.8.lef at line 811.

WARNING (LEFPARS-2029): RESISTANCE RPERSQ statement is obsolete in version 5.6 and later.
The LEF parser will ignore this statement.
To avoid this warning in the future, remove this statement from the LEF file with version 5.6 or later. See file complete.5.8.lef at line 819.

WARNING (LEFPARS-2030): CAPACITANCE CPERSQDIST statement is obsolete in version 5.6. and later.
The LEF parser will ignore this statement.
To avoid this warning in the future, remove this statement from the LEF file with version 5.6 or later. See file complete.5.8.lef at line 820.

WARNING (LEFPARS-2031): EDGECAPACITANCE statement is obsolete in version 5.6 and later.
The LEF parser will ignore this statement.
To avoid this warning in the future, remove this statement from the LEF file with version 5.6 or later. See file complete.5.8.lef at line 821.

WARNING (LEFPARS-2030): CAPACITANCE CPERSQDIST statement is obsolete in version 5.6. and later.
The LEF parser will ignore this statement.
To avoid this warning in the future, remove this statement from the LEF file with version 5.6 or later. See file complete.5.8.lef at line 826.

WARNING (LEFPARS-2029): RESISTANCE RPERSQ statement is obsolete in version 5.6 and later.
The LEF parser will ignore this statement.
To avoid this warning in the future, remove this statement from the LEF file with version 5.6 or later. See file complete.5.8.lef at line 832.

WARNING (LEFPARS-2019): TOPOFSTACKONLY statement is obsolete in version 5.6 and later.
The LEF parser will ignore this statement.
To avoid this warning in the future, remove this statement from the LEF file with version 5.6 or later See file complete.5.8.lef at line 842.

WARNING (LEFPARS-2020): FOREIGN statement in VIA is obsolete in version 5.6 and later.
The LEF parser will ignore this statement.
To avoid this warning in the future, remove this statement from the LEF file with version 5.6 or later. See file complete.5.8.lef at line 843.

WARNING (LEFPARS-2020): FOREIGN statement in VIA is obsolete in version 5.6 and later.
The LEF parser will ignore this statement.
To avoid this warning in the future, remove this statement from the LEF file with version 5.6 or later. See file complete.5.8.lef at line 855.

WARNING (LEFPARS-2070): UNIVERSALNOISEMARGIN statement is obsolete in version 5.4 and later.
The LEF parser will ignore this statement.
To avoid this warning in the future, remove this statement from the LEF file with version 5.4 or later. See file complete.5.8.lef at line 966.

WARNING (LEFPARS-2071): EDGERATETHRESHOLD1 statement is obsolete in version 5.4 and later.
The LEF parser will ignore this statement.
To avoid this warning in the future, remove this statement from the LEF file with version 5.4 or later. See file complete.5.8.lef at line 967.

WARNING (LEFPARS-2072): EDGERATETHRESHOLD2 statement is obsolete in version 5.4 and later.
The LEF parser will ignore this statement.
To avoid this warning in the future, remove this statement from the LEF file with version 5.4 or later. See file complete.5.8.lef at line 968.

WARNING (LEFPARS-2073): EDGERATESCALEFACTOR statement is obsolete in version 5.4 and later.
The LEF parser will ignore this statement.
To avoid this warning in the future, remove this statement from the LEF file with version 5.4 or later. See file complete.5.8.lef at line 969.

WARNING (LEFPARS-2074): NOISETABLE statement is obsolete in version 5.4 and later.
The LEF parser will ignore this statement.
To avoid this warning in the future, remove this statement from the LEF file with version 5.4 or later. See file complete.5.8.lef at line 978.

WARNING (LEFPARS-2077): A SPACING SAMENET section is defined but it is not legal in a LEF 5.7 version file.
It will be ignored which will probably cause real DRC violations to be ignored, and may
cause false DRC violations to occur.

To avoid this warning, and correctly handle these DRC rules, you should modify your
LEF to use the appropriate SAMENET keywords as described in the LEF/DEF 5.7
manual under the SPACING statements in the LAYER (Routing) and LAYER (Cut)
sections listed in the LEF Table of Contents. See file complete.5.8.lef at line 988.

WARNING (LEFPARS-2027): MINFEATURE statement is obsolete in version 5.4 and later.
The LEF parser will ignore this statement.
To avoid this warning in the future, remove this statement from the LEF file with version 5.4 or later. See file complete.5.8.lef at line 997.

WARNING (LEFPARS-2028): DIELECTRIC statement is obsolete in version 5.4 and later.
The LEF parser will ignore this statement.
To avoid this warning in the future, remove this statement from the LEF file with version 5.4 or later. See file complete.5.8.lef at line 999.

WARNING (LEFPARS-2026): IRDROP statement is obsolete in version 5.4 and later.
The LEF parser will ignore this statement.
To avoid this warning in the future, remove this statement from the LEF file with version 5.4 or later. See file complete.5.8.lef at line 1001.

WARNING (LEFPARS-2036): SOURCE statement is obsolete in version 5.6 and later.
The LEF parser will ignore this statement.
To avoid this warning in the future, remove this statement from the LEF file with version 5.6 or later. See file complete.5.8.lef at line 1101.

WARNING (LEFPARS-2042): LEQ statement in MACRO is obsolete in version 5.6 and later.
The LEF parser will ignore this statement.
To avoid this warning in the future, remove this statement from the LEF file with version 5.6 or later. See file complete.5.8.lef at line 1105.

WARNING (LEFPARS-2038): MACRO POWER statement is obsolete in version 5.4 and later.
The LEF parser will ignore this statement.
To avoid this warning in the future, remove this statement from the LEF file with version 5.4 or later. See file complete.5.8.lef at line 1111.

WARNING (LEFPARS-2043): FOREIGN statement in MACRO PIN is obsolete in version 5.6 and later.
The LEF parser will ignore this statement.
To avoid this warning in the future, remove this statement from the LEF file with version 5.6 or later. See file complete.5.8.lef at line 1116.

WARNING (LEFPARS-2043): FOREIGN statement in MACRO PIN is obsolete in version 5.6 and later.
The LEF parser will ignore this statement.
To avoid this warning in the future, remove this statement from the LEF file with version 5.6 or later. See file complete.5.8.lef at line 1117.

WARNING (LEFPARS-2043): FOREIGN statement in MACRO PIN is obsolete in version 5.6 and later.
The LEF parser will ignore this statement.
To avoid this warning in the future, remove this statement from the LEF file with version 5.6 or later. See file complete.5.8.lef at line 1118.

WARNING (LEFPARS-2043): FOREIGN statement in MACRO PIN is obsolete in version 5.6 and later.
The LEF parser will ignore this statement.
To avoid this warning in the future, remove this statement from the LEF file with version 5.6 or later. See file complete.5.8.lef at line 1119.

WARNING (LEFPARS-2044): LEQ statement in MACRO PIN is obsolete in version 5.6 and later.
The LEF parser will ignore this statement.
To avoid this warning in the future, remove this statement from the LEF file with version 5.6 or later. See file complete.5.8.lef at line 1120.

WARNING (LEFPARS-2056): MACRO INPUTNOISEMARGIN statement is obsolete in version 5.4 and later.
The LEF parser will ignore this statement.
To avoid this warning in the future, remove this statement from the LEF file with version 5.4 or later. See file complete.5.8.lef at line 1124.

WARNING (LEFPARS-2054): MACRO OUTPUTNOISEMARGIN statement is obsolete in version 5.4 and later.
The LEF parser will ignore this statement.
To avoid this warning in the future, remove this statement from the LEF file with version 5.4 or later. See file complete.5.8.lef at line 1125.

WARNING (LEFPARS-2055): MACRO OUTPUTRESISTANCE statement is obsolete in version 5.4 and later.
The LEF parser will ignore this statement.
To avoid this warning in the future, remove this statement from the LEF file with version 5.4 or later. See file complete.5.8.lef at line 1126.

WARNING (LEFPARS-2045): MACRO POWER statement is obsolete in version 5.4 and later.
The LEF parser will ignore this statement.
To avoid this warning in the future, remove this statement from the LEF file with version 5.4 or later. See file complete.5.8.lef at line 1127.

WARNING (LEFPARS-2046): MACRO LEAKAGE statement is obsolete in version 5.4 and later.
The LEF parser will ignore this statement.
To avoid this warning in the future, r emove this statement from the LEF file with version 5.4 or later. See file complete.5.8.lef at line 1128.

WARNING (LEFPARS-2057): MACRO CAPACITANCE statement is obsolete in version 5.4 and later.
The LEF parser will ignore this statement.
To avoid this warning in the future, remove this statement from the LEF file with version 5.4 or later. See file complete.5.8.lef at line 1129.

WARNING (LEFPARS-2058): MACRO RESISTANCE statement is obsolete in version 5.4 and later.
The LEF parser will ignore this statement.
To avoid this warning in the future, remove this statement from the LEF file with version 5.4 or later. See file complete.5.8.lef at line 1130.

WARNING (LEFPARS-2059): MACRO PULLDOWNRES statement is obsolete in version 5.4 and later.
The LEF parser will ignore this statement.
To avoid this warning in the future, remove this statement from the LEF file with version 5.4 or later. See file complete.5.8.lef at line 1131.

WARNING (LEFPARS-2053): MACRO TIEOFFR statement is obsolete in version 5.4 and later.
The LEF parser will ignore this statement.
To avoid this warning in the future, remove this statement from the LEF file with version 5.4 or later. See file complete.5.8.lef at line 1132.

WARNING (LEFPARS-2052): MACRO VHI statement is obsolete in version 5.4 and later.
The LEF parser will ignore this statement.
To avoid this warning in the future, remove this statement from the LEF file with version 5.4 or later. See file complete.5.8.lef at line 1133.

WARNING (LEFPARS-2051): MACRO VLO statement is obsolete in version 5.4 and later.
The LEF parser will ignore this statement.
To avoid this warning in the future, remove this statement from the LEF file with version 5.4 or later. See file complete.5.8.lef at line 1134.

WARNING (LEFPARS-2062): MACRO RISEVOLTAGETHRESHOLD statement is obsolete in version 5.4 and later.
The LEF parser will ignore this statement.
To avoid this warning in the future, remove this statement from the LEF file with version 5.4 or later. See file complete.5.8.lef at line 1135.

WARNING (LEFPARS-2063): MACRO FALLVOLTAGETHRESHOLD statement is obsolete in version 5.4 and later.
The LEF parser will ignore this statement.
To avoid this warning in the future, remove this statement from the LEF file with version 5.4 or later. See file complete.5.8.lef at line 1136.

WARNING (LEFPARS-2047): MACRO RISETHRESH statement is obsolete in version 5.4 and later.
The LEF parser will ignore this statement.
To avoid this warning in the future, remove this statement from the LEF file with version 5.4 or later. See file complete.5.8.lef at line 1137.

WARNING (LEFPARS-2048): MACRO FALLTHRESH statement is obsolete in version 5.4 and later.
The LEF parser will ignore this statement.
To avoid this warning in the future, remove this statement from the LEF file with version 5.4 or later. See file complete.5.8.lef at line 1138.

WARNING (LEFPARS-2049): MACRO RISESATCUR statement is obsolete in version 5.4 and later.
The LEF parser will ignore this statement.
To avoid this warning in the future, remove this statement from the LEF file with version 5.4 or later. See file complete.5.8.lef at line 1139.

WARNING (LEFPARS-2050): MACRO FALLSATCUR statement is obsolete in version 5.4 and later.
The LEF parser will ignore this statement.
To avoid this warning in the future, remove this statement from the LEF file with version 5.4 or later. See file complete.5.8.lef at line 1140.

WARNING (LEFPARS-2060): MACRO CURRENTSOURCE statement is obsolete in version 5.4 and later.
The LEF parser will ignore this statement.
To avoid this warning in the future, remove this statement from the LEF file with version 5.4 or later. See file complete.5.8.lef at line 1141.

WARNING (LEFPARS-2064): MACRO IV_TABLES statement is obsolete in version 5.4 and later.
The LEF parser will ignore this statement.
To avoid this warning in the future, remove this statement from the LEF file with version 5.4 or later. See file complete.5.8.lef at line 1152.

WARNING (LEFPARS-2065): Either PATH, RECT or POLYGON statement is a required in MACRO/PIN/PORT. See file complete.5.8.lef at line 1164.

WARNING (LEFPARS-2043): FOREIGN statement in MACRO PIN is obsolete in version 5.6 and later.
The LEF parser will ignore this statement.
To avoid this warning in the future, remove this statement from the LEF file with version 5.6 or later. See file complete.5.8.lef at line 1168.

WARNING (LEFPARS-2046): MACRO LEAKAGE statement is obsolete in version 5.4 and later.
The LEF parser will ignore this statement.
To avoid this warning in the future, r emove this statement from the LEF file with version 5.4 or later. See file complete.5.8.lef at line 1199.

WARNING (LEFPARS-2063): MACRO FALLVOLTAGETHRESHOLD statement is obsolete in version 5.4 and later.
The LEF parser will ignore this statement.
To avoid this warning in the future, remove this statement from the LEF file with version 5.4 or later. See file complete.5.8.lef at line 1200.

WARNING (LEFPARS-2062): MACRO RISEVOLTAGETHRESHOLD statement is obsolete in version 5.4 and later.
The LEF parser will ignore this statement.
To avoid this warning in the future, remove this statement from the LEF file with version 5.4 or later. See file complete.5.8.lef at line 1201.

WARNING (LEFPARS-2060): MACRO CURRENTSOURCE statement is obsolete in version 5.4 and later.
The LEF parser will ignore this statement.
To avoid this warning in the future, remove this statement from the LEF file with version 5.4 or later. See file complete.5.8.lef at line 1202.

WARNING (LEFPARS-2066): MACRO TIMING statement is obsolete in version 5.4 and later.
The LEF parser will ignore this statement.
To avoid this warning in the future, remove this statement from the LEF file with version 5.4 or later. See file complete.5.8.lef at line 1349.

WARNING (LEFPARS-2037): SOURCE statement is obsolete in version 5.6 and later.
The LEF parser will ignore this statement.
To avoid this warning in the future, remove this statement from the LEF file with version 5.6 or later. See file complete.5.8.lef at line 1354.

WARNING (LEFPARS-2038): MACRO POWER statement is obsolete in version 5.4 and later.
The LEF parser will ignore this statement.
To avoid this warning in the future, remove this statement from the LEF file with version 5.4 or later. See file complete.5.8.lef at line 1356.

WARNING (LEFPARS-2066): MACRO TIMING statement is obsolete in version 5.4 and later.
The LEF parser will ignore this statement.
To avoid this warning in the future, remove this statement from the LEF file with version 5.4 or later. See file complete.5.8.lef at line 1456.

WARNING (LEFPARS-2038): MACRO POWER statement is obsolete in version 5.4 and later.
The LEF parser will ignore this statement.
To avoid this warning in the future, remove this statement from the LEF file with version 5.4 or later. See file complete.5.8.lef at line 1497.

WARNING (LEFPARS-2066): MACRO TIMING statement is obsolete in version 5.4 and later.
The LEF parser will ignore this statement.
To avoid this warning in the future, remove this statement from the LEF file with version 5.4 or later. See file complete.5.8.lef at line 1584.

WARNING (LEFPARS-2038): MACRO POWER statement is obsolete in version 5.4 and later.
The LEF parser will ignore this statement.
To avoid this warning in the future, remove this statement from the LEF file with version 5.4 or later. See file complete.5.8.lef at line 1595.

WARNING (LEFPARS-2066): MACRO TIMING statement is obsolete in version 5.4 and later.
The LEF parser will ignore this statement.
To avoid this warning in the future, remove this statement from the LEF file with version 5.4 or later. See file complete.5.8.lef at line 1723.

WARNING (LEFPARS-2038): MACRO POWER statement is obsolete in version 5.4 and later.
The LEF parser will ignore this statement.
To avoid this warning in the future, remove this statement from the LEF file with version 5.4 or later. See file complete.5.8.lef at line 1774.

WARNING (LEFPARS-2065): Either PATH, RECT or POLYGON statement is a required in MACRO/PIN/PORT. See file complete.5.8.lef at line 1852.

